python : Traceback (most recent cal
l last):
위치 줄:1 문자:1
+ python test_db_insert.py 2>&1 | O
ut-File -Encoding utf8 test_output.
t ...
+ ~~~~~~~~~~~~~~~~~~~~~~~~~~~~~
    + CategoryInfo          : NotS 
   pecified: (Traceback (most rec  
  ent call last)::String) [], Re   
 moteException
    + FullyQualifiedErrorId : Nati 
   veCommandError
 
  File "C:\Users\p-d0574\AppData\Lo
cal\Programs\Python\Python313\Lib\s
ite-packages\redis\connection.py", 
line 855, in connect_check_health
    sock = self.retry.call_with_ret
ry(
        lambda: self._connect(), la
mbda error: self.disconnect(error)
    )
  File "C:\Users\p-d0574\AppData\Lo
cal\Programs\Python\Python313\Lib\s
ite-packages\redis\retry.py", line 
116, in call_with_retry
    return do()
  File "C:\Users\p-d0574\AppData\Lo
cal\Programs\Python\Python313\Lib\s
ite-packages\redis\connection.py", 
line 856, in <lambda>
    lambda: self._connect(), lambda
 error: self.disconnect(error)
            ~~~~~~~~~~~~~^^
  File "C:\Users\p-d0574\AppData\Lo
cal\Programs\Python\Python313\Lib\s
ite-packages\redis\connection.py", 
line 1306, in _connect
    raise err
  File "C:\Users\p-d0574\AppData\Lo
cal\Programs\Python\Python313\Lib\s
ite-packages\redis\connection.py", 
line 1290, in _connect
    sock.connect(socket_address)
    ~~~~~~~~~~~~^^^^^^^^^^^^^^^^
ConnectionRefusedError: [WinError 1
0061] 대상 컴퓨터에서 연결을 거부했으므로 연결하지 못했습니
다

During handling of the above except
ion, another exception occurred:

Traceback (most recent call last):
  File "C:\Users\p-d0574\Desktop\de
velop\레퍼런스 저장소2\refepidia\backend\r
edis_cache.py", line 12, in <module
>
    redis_client.ping()  # 연결 테스트
    ~~~~~~~~~~~~~~~~~^^
  File "C:\Users\p-d0574\AppData\Lo
cal\Programs\Python\Python313\Lib\s
ite-packages\redis\commands\core.py
", line 1226, in ping
    return self.execute_command("PI
NG", **kwargs)
           ~~~~~~~~~~~~~~~~~~~~^^^^
^^^^^^^^^^^^^^
  File "C:\Users\p-d0574\AppData\Lo
cal\Programs\Python\Python313\Lib\s
ite-packages\redis\client.py", line
 657, in execute_command
    return self._execute_command(*a
rgs, **options)
           ~~~~~~~~~~~~~~~~~~~~~^^^
^^^^^^^^^^^^^^^
  File "C:\Users\p-d0574\AppData\Lo
cal\Programs\Python\Python313\Lib\s
ite-packages\redis\client.py", line
 663, in _execute_command
    conn = self.connection or pool.
get_connection()
                              ~~~~~
~~~~~~~~~~~~~~^^
  File "C:\Users\p-d0574\AppData\Lo
cal\Programs\Python\Python313\Lib\s
ite-packages\redis\utils.py", line 
196, in wrapper
    return func(*args, **kwargs)
  File "C:\Users\p-d0574\AppData\Lo
cal\Programs\Python\Python313\Lib\s
ite-packages\redis\connection.py", 
line 2603, in get_connection
    connection.connect()
    ~~~~~~~~~~~~~~~~~~^^
  File "C:\Users\p-d0574\AppData\Lo
cal\Programs\Python\Python313\Lib\s
ite-packages\redis\connection.py", 
line 846, in connect
    self.connect_check_health(check
_health=True)
    ~~~~~~~~~~~~~~~~~~~~~~~~~^^^^^^
^^^^^^^^^^^^^
  File "C:\Users\p-d0574\AppData\Lo
cal\Programs\Python\Python313\Lib\s
ite-packages\redis\connection.py", 
line 863, in connect_check_health
    raise ConnectionError(self._err
or_message(e))
redis.exceptions.ConnectionError: E
rror 10061 connecting to localhost:
6379. 대상 컴퓨터에서 연결을 거부했으므로 연결하지 못했습니
다.

During handling of the above except
ion, another exception occurred:

Traceback (most recent call last):
  File "C:\Users\p-d0574\Desktop\de
velop\레퍼런스 저장소2\refepidia\backend\t
est_db_insert.py", line 3, in <modu
le>
    from youtube_service import ext
ract_youtube_metadata
  File "C:\Users\p-d0574\Desktop\de
velop\레퍼런스 저장소2\refepidia\backend\y
outube_service.py", line 9, in <mod
ule>
    from redis_cache import get_cac
hed_frames, set_cached_frames
  File "C:\Users\p-d0574\Desktop\de
velop\레퍼런스 저장소2\refepidia\backend\r
edis_cache.py", line 15, in <module
>
    print(f"\u26a0\ufe0f Redis conn
ection failed: {e}. Caching disable
d.")
    ~~~~~^^^^^^^^^^^^^^^^^^^^^^^^^^
^^^^^^^^^^^^^^^^^^^^^^^^^^^^^
UnicodeEncodeError: 'cp949' codec c
an't encode character '\u26a0' in p
osition 0: illegal multibyte sequen
ce
